2026.09.27 18:57:41 INFO  Started: Metals version 1.6.9 in folders '/home/atlas/Bureau/M2/CTAQ/TD2_CTAQ' for client Visual Studio Code 1.136.1.
2026.09.27 18:57:41 INFO  time: initialize in 0.26s
2026.09.27 18:57:41 INFO  Memory monitor started
2026.09.27 18:57:47 WARN  Using H2 2.5.250 which is newer than the version Flyway has been verified with. The latest verified version of H2 is 2.3.232.
2026.09.27 18:57:48 INFO  no build target found for /home/atlas/Bureau/M2/CTAQ/TD2_CTAQ/app/src/test/java/org/acme/minibuild/GavTest.java. Using fallback presentation compiler.
2026.09.27 18:57:48 INFO  no build target found for /home/atlas/Bureau/M2/CTAQ/TD2_CTAQ/app/src/test/java/org/acme/minibuild/GavTest.java. Using fallback presentation compiler.
2026.09.27 18:57:53 INFO  no build target found for /home/atlas/Bureau/M2/CTAQ/TD2_CTAQ/app/src/test/java/org/acme/minibuild/GavTest.java. Using fallback presentation compiler.
2026.09.27 18:57:53 INFO  no build target found for /home/atlas/Bureau/M2/CTAQ/TD2_CTAQ/app/src/test/java/org/acme/minibuild/GavTest.java. Using fallback presentation compiler.
2026.09.27 18:57:56 INFO  no build target found for /home/atlas/Bureau/M2/CTAQ/TD2_CTAQ/app/src/test/java/org/acme/minibuild/GavTest.java. Using fallback presentation compiler.
sept. 27, 2026 6:57:56 PM org.eclipse.lsp4j.jsonrpc.RemoteEndpoint handleCancellation
AVERTISSEMENT: Unmatched cancel notification for request id 4
sept. 27, 2026 6:57:56 PM org.eclipse.lsp4j.jsonrpc.RemoteEndpoint handleCancellation
AVERTISSEMENT: Unmatched cancel notification for request id 1
sept. 27, 2026 6:57:56 PM org.eclipse.lsp4j.jsonrpc.RemoteEndpoint handleCancellation
AVERTISSEMENT: Unmatched cancel notification for request id 9
sept. 27, 2026 6:57:56 PM org.eclipse.lsp4j.jsonrpc.RemoteEndpoint handleCancellation
AVERTISSEMENT: Unmatched cancel notification for request id 5
sept. 27, 2026 6:57:56 PM org.eclipse.lsp4j.jsonrpc.RemoteEndpoint handleCancellation
AVERTISSEMENT: Unmatched cancel notification for request id 6
sept. 27, 2026 6:57:56 PM org.eclipse.lsp4j.jsonrpc.RemoteEndpoint handleCancellation
AVERTISSEMENT: Unmatched cancel notification for request id 2
2026.09.27 18:57:56 INFO  no build target found for /home/atlas/Bureau/M2/CTAQ/TD2_CTAQ/app/src/test/java/org/acme/minibuild/GavTest.java. Using fallback presentation compiler.
2026.09.27 18:57:56 WARN  no build target for: /home/atlas/Bureau/M2/CTAQ/TD2_CTAQ/app/src/test/java/org/acme/minibuild/GavTest.java
2026.09.27 18:57:56 INFO  no build target found for /home/atlas/Bureau/M2/CTAQ/TD2_CTAQ/app/src/test/java/org/acme/minibuild/GavTest.java. Using fallback presentation compiler.
sept. 27, 2026 6:57:57 PM org.eclipse.lsp4j.jsonrpc.RemoteEndpoint handleCancellation
AVERTISSEMENT: Unmatched cancel notification for request id 10
sept. 27, 2026 6:57:57 PM org.eclipse.lsp4j.jsonrpc.RemoteEndpoint handleCancellation
AVERTISSEMENT: Unmatched cancel notification for request id 12
2026.09.27 18:57:56 INFO  no build target found for /home/atlas/Bureau/M2/CTAQ/TD2_CTAQ/app/src/test/java/org/acme/minibuild/GavTest.java. Using fallback presentation compiler.
2026.09.27 18:57:57 INFO  no build target found for /home/atlas/Bureau/M2/CTAQ/TD2_CTAQ/app/src/test/java/org/acme/minibuild/GavTest.java. Using fallback presentation compiler.
sept. 27, 2026 6:57:57 PM org.eclipse.lsp4j.jsonrpc.RemoteEndpoint handleCancellation
AVERTISSEMENT: Unmatched cancel notification for request id 14
2026.09.27 18:57:57 INFO  no build target found for /home/atlas/Bureau/M2/CTAQ/TD2_CTAQ/app/src/test/java/org/acme/minibuild/GavTest.java. Using fallback presentation compiler.
sept. 27, 2026 6:57:57 PM org.eclipse.lsp4j.jsonrpc.RemoteEndpoint handleCancellation
AVERTISSEMENT: Unmatched cancel notification for request id 15
2026.09.27 18:57:57 INFO  no build target found for /home/atlas/Bureau/M2/CTAQ/TD2_CTAQ/app/src/test/java/org/acme/minibuild/GavTest.java. Using fallback presentation compiler.
2026.09.27 18:57:57 INFO  no build target found for /home/atlas/Bureau/M2/CTAQ/TD2_CTAQ/app/src/test/java/org/acme/minibuild/GavTest.java. Using fallback presentation compiler.
sept. 27, 2026 6:57:57 PM org.eclipse.lsp4j.jsonrpc.RemoteEndpoint handleCancellation
AVERTISSEMENT: Unmatched cancel notification for request id 20
sept. 27, 2026 6:57:57 PM org.eclipse.lsp4j.jsonrpc.RemoteEndpoint handleCancellation
AVERTISSEMENT: Unmatched cancel notification for request id 16
2026.09.27 18:57:57 INFO  no build target found for /home/atlas/Bureau/M2/CTAQ/TD2_CTAQ/app/src/test/java/org/acme/minibuild/GavTest.java. Using fallback presentation compiler.
2026.09.27 18:57:57 INFO  no build target found for /home/atlas/Bureau/M2/CTAQ/TD2_CTAQ/app/src/test/java/org/acme/minibuild/GavTest.java. Using fallback presentation compiler.
2026.09.27 18:57:58 INFO  no build target found for /home/atlas/Bureau/M2/CTAQ/TD2_CTAQ/app/src/test/java/org/acme/minibuild/GavTest.java. Using fallback presentation compiler.
sept. 27, 2026 6:57:59 PM org.eclipse.lsp4j.jsonrpc.RemoteEndpoint handleCancellation
AVERTISSEMENT: Unmatched cancel notification for request id 13
sept. 27, 2026 6:57:59 PM org.eclipse.lsp4j.jsonrpc.RemoteEndpoint handleCancellation
AVERTISSEMENT: Unmatched cancel notification for request id 24
2026.09.27 18:57:58 INFO  no build target found for /home/atlas/Bureau/M2/CTAQ/TD2_CTAQ/app/src/test/java/org/acme/minibuild/GavTest.java. Using fallback presentation compiler.
sept. 27, 2026 6:57:59 PM org.eclipse.lsp4j.jsonrpc.RemoteEndpoint handleCancellation
AVERTISSEMENT: Unmatched cancel notification for request id 23
2026.09.27 18:57:58 INFO  no build target found for /home/atlas/Bureau/M2/CTAQ/TD2_CTAQ/app/src/test/java/org/acme/minibuild/GavTest.java. Using fallback presentation compiler.
sept. 27, 2026 6:57:59 PM org.eclipse.lsp4j.jsonrpc.RemoteEndpoint handleCancellation
AVERTISSEMENT: Unmatched cancel notification for request id 28
sept. 27, 2026 6:57:59 PM org.eclipse.lsp4j.jsonrpc.RemoteEndpoint handleCancellation
AVERTISSEMENT: Unmatched cancel notification for request id 26
sept. 27, 2026 6:57:59 PM org.eclipse.lsp4j.jsonrpc.RemoteEndpoint handleCancellation
AVERTISSEMENT: Unmatched cancel notification for request id 25
sept. 27, 2026 6:57:59 PM org.eclipse.lsp4j.jsonrpc.RemoteEndpoint handleCancellation
AVERTISSEMENT: Unmatched cancel notification for request id 30
2026.09.27 18:57:59 INFO  no build target found for /home/atlas/Bureau/M2/CTAQ/TD2_CTAQ/app/src/test/java/org/acme/minibuild/GavTest.java. Using fallback presentation compiler.
2026.09.27 18:57:59 INFO  no build target found for /home/atlas/Bureau/M2/CTAQ/TD2_CTAQ/app/src/test/java/org/acme/minibuild/GavTest.java. Using fallback presentation compiler.
2026.09.27 18:57:59 INFO  no build target found for /home/atlas/Bureau/M2/CTAQ/TD2_CTAQ/app/src/test/java/org/acme/minibuild/GavTest.java. Using fallback presentation compiler.
sept. 27, 2026 6:57:59 PM org.eclipse.lsp4j.jsonrpc.RemoteEndpoint handleCancellation
AVERTISSEMENT: Unmatched cancel notification for request id 31
2026.09.27 18:57:59 INFO  no build target found for /home/atlas/Bureau/M2/CTAQ/TD2_CTAQ/app/src/test/java/org/acme/minibuild/GavTest.java. Using fallback presentation compiler.
2026.09.27 18:57:59 INFO  no build target found for /home/atlas/Bureau/M2/CTAQ/TD2_CTAQ/app/src/test/java/org/acme/minibuild/GavTest.java. Using fallback presentation compiler.
2026.09.27 18:57:59 INFO  no build target found for /home/atlas/Bureau/M2/CTAQ/TD2_CTAQ/app/src/test/java/org/acme/minibuild/GavTest.java. Using fallback presentation compiler.
2026.09.27 18:57:59 INFO  no build target found for /home/atlas/Bureau/M2/CTAQ/TD2_CTAQ/app/src/test/java/org/acme/minibuild/GavTest.java. Using fallback presentation compiler.
2026.09.27 18:57:59 INFO  no build target found for /home/atlas/Bureau/M2/CTAQ/TD2_CTAQ/app/src/test/java/org/acme/minibuild/GavTest.java. Using fallback presentation compiler.
2026.09.27 18:57:59 INFO  no build target found for /home/atlas/Bureau/M2/CTAQ/TD2_CTAQ/app/src/test/java/org/acme/minibuild/GavTest.java. Using fallback presentation compiler.
sept. 27, 2026 6:58:01 PM org.eclipse.lsp4j.jsonrpc.RemoteEndpoint handleCancellation
AVERTISSEMENT: Unmatched cancel notification for request id 40
2026.09.27 18:58:01 INFO  no build target found for /home/atlas/Bureau/M2/CTAQ/TD2_CTAQ/app/src/test/java/org/acme/minibuild/GavTest.java. Using fallback presentation compiler.
2026.09.27 18:58:09 INFO  no build target found for /home/atlas/Bureau/M2/CTAQ/TD2_CTAQ/app/src/test/java/org/acme/minibuild/GavTest.java. Using fallback presentation compiler.
2026.09.27 18:58:09 INFO  no build target found for /home/atlas/Bureau/M2/CTAQ/TD2_CTAQ/app/src/test/java/org/acme/minibuild/GavTest.java. Using fallback presentation compiler.
sept. 27, 2026 6:58:10 PM org.eclipse.lsp4j.jsonrpc.RemoteEndpoint handleCancellation
AVERTISSEMENT: Unmatched cancel notification for request id 44
2026.09.27 18:58:09 INFO  no build target found for /home/atlas/Bureau/M2/CTAQ/TD2_CTAQ/app/src/test/java/org/acme/minibuild/GavTest.java. Using fallback presentation compiler.
sept. 27, 2026 6:58:11 PM org.eclipse.lsp4j.jsonrpc.RemoteEndpoint handleCancellation
AVERTISSEMENT: Unmatched cancel notification for request id 47
2026.09.27 18:58:11 INFO  no build target found for /home/atlas/Bureau/M2/CTAQ/TD2_CTAQ/app/src/test/java/org/acme/minibuild/GavTest.java. Using fallback presentation compiler.
2026.09.27 18:58:11 INFO  no build target found for /home/atlas/Bureau/M2/CTAQ/TD2_CTAQ/app/src/test/java/org/acme/minibuild/GavTest.java. Using fallback presentation compiler.
2026.09.27 18:58:12 INFO  no build target found for /home/atlas/Bureau/M2/CTAQ/TD2_CTAQ/app/src/test/java/org/acme/minibuild/GavTest.java. Using fallback presentation compiler.
sept. 27, 2026 6:58:13 PM org.eclipse.lsp4j.jsonrpc.RemoteEndpoint handleCancellation
AVERTISSEMENT: Unmatched cancel notification for request id 51
2026.09.27 18:58:12 INFO  no build target found for /home/atlas/Bureau/M2/CTAQ/TD2_CTAQ/app/src/test/java/org/acme/minibuild/GavTest.java. Using fallback presentation compiler.
2026.09.27 18:58:12 INFO  no build target found for /home/atlas/Bureau/M2/CTAQ/TD2_CTAQ/app/src/test/java/org/acme/minibuild/GavTest.java. Using fallback presentation compiler.
2026.09.27 18:58:12 INFO  no build target found for /home/atlas/Bureau/M2/CTAQ/TD2_CTAQ/app/src/test/java/org/acme/minibuild/GavTest.java. Using fallback presentation compiler.
sept. 27, 2026 6:58:13 PM org.eclipse.lsp4j.jsonrpc.RemoteEndpoint handleCancellation
AVERTISSEMENT: Unmatched cancel notification for request id 53
2026.09.27 18:58:13 INFO  no build target found for /home/atlas/Bureau/M2/CTAQ/TD2_CTAQ/app/src/test/java/org/acme/minibuild/GavTest.java. Using fallback presentation compiler.
2026.09.27 18:58:15 INFO  no build target found for /home/atlas/Bureau/M2/CTAQ/TD2_CTAQ/app/src/test/java/org/acme/minibuild/GavTest.java. Using fallback presentation compiler.
2026.09.27 18:58:15 INFO  no build target found for /home/atlas/Bureau/M2/CTAQ/TD2_CTAQ/app/src/test/java/org/acme/minibuild/GavTest.java. Using fallback presentation compiler.
2026.09.27 18:58:17 INFO  no build target found for /home/atlas/Bureau/M2/CTAQ/TD2_CTAQ/app/src/test/java/org/acme/minibuild/GavTest.java. Using fallback presentation compiler.
2026.09.27 18:58:17 INFO  no build target found for /home/atlas/Bureau/M2/CTAQ/TD2_CTAQ/app/src/test/java/org/acme/minibuild/GavTest.java. Using fallback presentation compiler.
2026.09.27 18:58:17 INFO  no build target found for /home/atlas/Bureau/M2/CTAQ/TD2_CTAQ/app/src/test/java/org/acme/minibuild/GavTest.java. Using fallback presentation compiler.
sept. 27, 2026 6:58:18 PM org.eclipse.lsp4j.jsonrpc.RemoteEndpoint handleCancellation
AVERTISSEMENT: Unmatched cancel notification for request id 58
2026.09.27 18:58:19 INFO  no build target found for /home/atlas/Bureau/M2/CTAQ/TD2_CTAQ/app/src/test/java/org/acme/minibuild/GavTest.java. Using fallback presentation compiler.
2026.09.27 18:58:19 INFO  no build target found for /home/atlas/Bureau/M2/CTAQ/TD2_CTAQ/app/src/test/java/org/acme/minibuild/GavTest.java. Using fallback presentation compiler.
sept. 27, 2026 6:58:19 PM org.eclipse.lsp4j.jsonrpc.RemoteEndpoint handleCancellation
AVERTISSEMENT: Unmatched cancel notification for request id 63
sept. 27, 2026 6:58:20 PM org.eclipse.lsp4j.jsonrpc.RemoteEndpoint handleCancellation
AVERTISSEMENT: Unmatched cancel notification for request id 61
2026.09.27 18:58:19 INFO  no build target found for /home/atlas/Bureau/M2/CTAQ/TD2_CTAQ/app/src/test/java/org/acme/minibuild/GavTest.java. Using fallback presentation compiler.
2026.09.27 18:58:20 INFO  no build target found for /home/atlas/Bureau/M2/CTAQ/TD2_CTAQ/app/src/test/java/org/acme/minibuild/GavTest.java. Using fallback presentation compiler.
2026.09.27 18:58:23 INFO  no build target found for /home/atlas/Bureau/M2/CTAQ/TD2_CTAQ/app/src/test/java/org/acme/minibuild/GavTest.java. Using fallback presentation compiler.
2026.09.27 18:58:23 INFO  no build target found for /home/atlas/Bureau/M2/CTAQ/TD2_CTAQ/app/src/test/java/org/acme/minibuild/GavTest.java. Using fallback presentation compiler.
2026.09.27 18:58:24 INFO  no build target found for /home/atlas/Bureau/M2/CTAQ/TD2_CTAQ/app/src/test/java/org/acme/minibuild/GavTest.java. Using fallback presentation compiler.
sept. 27, 2026 6:58:25 PM org.eclipse.lsp4j.jsonrpc.RemoteEndpoint handleCancellation
AVERTISSEMENT: Unmatched cancel notification for request id 71
sept. 27, 2026 6:58:25 PM org.eclipse.lsp4j.jsonrpc.RemoteEndpoint handleCancellation
AVERTISSEMENT: Unmatched cancel notification for request id 69
2026.09.27 18:58:24 INFO  no build target found for /home/atlas/Bureau/M2/CTAQ/TD2_CTAQ/app/src/test/java/org/acme/minibuild/GavTest.java. Using fallback presentation compiler.
2026.09.27 18:58:24 INFO  no build target found for /home/atlas/Bureau/M2/CTAQ/TD2_CTAQ/app/src/test/java/org/acme/minibuild/GavTest.java. Using fallback presentation compiler.
2026.09.27 18:58:34 INFO  no build target found for /home/atlas/Bureau/M2/CTAQ/TD2_CTAQ/app/src/test/java/org/acme/minibuild/GavTest.java. Using fallback presentation compiler.
2026.09.27 18:58:38 INFO  no build target found for /home/atlas/Bureau/M2/CTAQ/TD2_CTAQ/app/src/test/java/org/acme/minibuild/GavTest.java. Using fallback presentation compiler.
2026.09.27 18:59:05 INFO  no build target found for /home/atlas/Bureau/M2/CTAQ/TD2_CTAQ/app/src/test/java/org/acme/minibuild/GavTest.java. Using fallback presentation compiler.
2026.09.27 18:59:05 INFO  no build target found for /home/atlas/Bureau/M2/CTAQ/TD2_CTAQ/app/src/test/java/org/acme/minibuild/GavTest.java. Using fallback presentation compiler.
2026.09.28 00:07:07 INFO  no build target found for /home/atlas/Bureau/M2/CTAQ/TD2_CTAQ/app/src/test/java/org/acme/minibuild/GavTest.java. Using fallback presentation compiler.
2026.10.01 09:04:26 INFO  Started: Metals version 1.6.9 in folders '/home/atlas/Bureau/M2/CTAQ/TD2_CTAQ' for client Visual Studio Code 1.136.1.
2026.10.01 09:04:27 INFO  time: initialize in 1.27s
2026.10.01 09:04:29 INFO  Memory monitor started
2026.10.01 09:04:40 WARN  Using H2 2.5.250 which is newer than the version Flyway has been verified with. The latest verified version of H2 is 2.3.232.
2026.10.01 09:05:00 INFO  restarted 0 presentation compilers
2026.10.01 09:08:59 INFO  no build target found for /home/atlas/Bureau/M2/CTAQ/TD2_CTAQ/app/src/test/java/org/acme/minibuild/GavTest.java. Using fallback presentation compiler.
2026.10.01 09:09:17 WARN  no build target for: /home/atlas/Bureau/M2/CTAQ/TD2_CTAQ/app/src/test/java/org/acme/minibuild/GavTest.java
oct. 01, 2026 9:09:16 AM org.eclipse.lsp4j.jsonrpc.RemoteEndpoint handleCancellation
AVERTISSEMENT: Unmatched cancel notification for request id 15
2026.10.01 09:09:17 INFO  no build target found for /home/atlas/Bureau/M2/CTAQ/TD2_CTAQ/app/src/test/java/org/acme/minibuild/GavTest.java. Using fallback presentation compiler.
2026.10.01 09:09:21 INFO  no build target found for /home/atlas/Bureau/M2/CTAQ/TD2_CTAQ/app/src/test/java/org/acme/minibuild/GavTest.java. Using fallback presentation compiler.
2026.10.01 09:09:22 WARN  no build target for: /home/atlas/Bureau/M2/CTAQ/TD2_CTAQ/app/src/test/java/org/acme/minibuild/GavTest.java
oct. 01, 2026 9:09:22 AM org.eclipse.lsp4j.jsonrpc.RemoteEndpoint handleCancellation
AVERTISSEMENT: Unmatched cancel notification for request id 17
2026.10.01 09:09:22 WARN  no build target for: /home/atlas/Bureau/M2/CTAQ/TD2_CTAQ/app/src/test/java/org/acme/minibuild/GavTest.java
2026.10.01 09:09:22 WARN  no build target for: /home/atlas/Bureau/M2/CTAQ/TD2_CTAQ/app/src/test/java/org/acme/minibuild/GavTest.java
2026.10.01 09:10:03 INFO  no build target found for /home/atlas/Bureau/M2/CTAQ/TD2_CTAQ/app/src/test/java/org/acme/minibuild/GavTest.java. Using fallback presentation compiler.
2026.10.01 09:10:12 INFO  no build target found for /home/atlas/Bureau/M2/CTAQ/TD2_CTAQ/app/src/test/java/org/acme/minibuild/GavTest.java. Using fallback presentation compiler.
2026.10.01 09:10:14 INFO  no build target found for /home/atlas/Bureau/M2/CTAQ/TD2_CTAQ/app/src/test/java/org/acme/minibuild/GavTest.java. Using fallback presentation compiler.
2026.10.01 09:10:14 INFO  no build target found for /home/atlas/Bureau/M2/CTAQ/TD2_CTAQ/app/src/test/java/org/acme/minibuild/GavTest.java. Using fallback presentation compiler.
oct. 01, 2026 9:12:06 AM org.eclipse.lsp4j.jsonrpc.RemoteEndpoint handleCancellation
AVERTISSEMENT: Unmatched cancel notification for request id 22
2026.10.01 09:12:48 INFO  no build target found for /home/atlas/Bureau/M2/CTAQ/TD2_CTAQ/app/src/test/java/org/acme/minibuild/GavTest.java. Using fallback presentation compiler.
2026.10.01 09:13:07 INFO  no build target found for /home/atlas/Bureau/M2/CTAQ/TD2_CTAQ/app/src/test/java/org/acme/minibuild/GavTest.java. Using fallback presentation compiler.
2026.10.01 09:13:15 WARN  no build target for: /home/atlas/Bureau/M2/CTAQ/TD2_CTAQ/app/src/test/java/org/acme/minibuild/GavTest.java
2026.10.01 09:13:16 INFO  no build target found for /home/atlas/Bureau/M2/CTAQ/TD2_CTAQ/app/src/test/java/org/acme/minibuild/GavTest.java. Using fallback presentation compiler.
oct. 01, 2026 9:13:18 AM org.eclipse.lsp4j.jsonrpc.RemoteEndpoint handleCancellation
AVERTISSEMENT: Unmatched cancel notification for request id 28
2026.10.01 09:13:18 INFO  no build target found for /home/atlas/Bureau/M2/CTAQ/TD2_CTAQ/app/src/test/java/org/acme/minibuild/GavTest.java. Using fallback presentation compiler.
2026.10.01 09:13:18 INFO  no build target found for /home/atlas/Bureau/M2/CTAQ/TD2_CTAQ/app/src/test/java/org/acme/minibuild/GavTest.java. Using fallback presentation compiler.
2026.10.01 09:13:19 INFO  no build target found for /home/atlas/Bureau/M2/CTAQ/TD2_CTAQ/app/src/test/java/org/acme/minibuild/GavTest.java. Using fallback presentation compiler.
2026.10.01 09:13:23 INFO  no build target found for /home/atlas/Bureau/M2/CTAQ/TD2_CTAQ/app/src/test/java/org/acme/minibuild/GavTest.java. Using fallback presentation compiler.
